******************************************************************************
             TMS320C2000 Linker PC v5.2.3                      
******************************************************************************
>> Linked Mon Jul 18 17:15:10 2016

OUTPUT FILE NAME:   <maincontrol_dsp.out>
ENTRY POINT SYMBOL: "_c_int00"  address: 00009f9f


MEMORY CONFIGURATION

         name            origin    length      used     unused   attr    fill
----------------------  --------  ---------  --------  --------  ----  --------
PAGE 0:
  BEGIN                 00000000   00000002  00000002  00000000  RWIX
  BOOT_RSVD             00000002   0000004e  00000000  0000004e  RWIX
  RAMM0                 00000050   000003b0  00000000  000003b0  RWIX
  RAML0                 00008000   00001000  0000003a  00000fc6  RWIX
  RAML1                 00009000   00001000  00001000  00000000  RWIX
  RAML2                 0000a000   00001000  000009a8  00000658  RWIX
  RAML3                 0000b000   00001000  00000000  00001000  RWIX
  ZONE6A                00100000   0000fc00  00000000  0000fc00  RWIX
  CSM_RSVD              0033ff80   00000076  00000000  00000076  RWIX
  CSM_PWL               0033fff8   00000008  00000000  00000008  RWIX
  ADC_CAL               00380080   00000009  00000007  00000002  RWIX
  IQTABLES              003fe000   00000b50  00000000  00000b50  RWIX
  IQTABLES2             003feb50   0000008c  00000000  0000008c  RWIX
  FPUTABLES             003febdc   000006a0  00000000  000006a0  RWIX
  BOOTROM               003ff27c   00000d44  00000000  00000d44  RWIX
  RESET                 003fffc0   00000002  00000000  00000002  RWIX

PAGE 1:
  RAMM1                 00000400   00000400  00000380  00000080  RWIX
  DEV_EMU               00000880   00000180  000000d0  000000b0  RWIX
  FLASH_REGS            00000a80   00000060  00000008  00000058  RWIX
  CSM                   00000ae0   00000010  00000010  00000000  RWIX
  ADC_MIRROR            00000b00   00000010  00000010  00000000  RWIX
  XINTF                 00000b20   00000020  0000001e  00000002  RWIX
  CPU_TIMER0            00000c00   00000008  00000008  00000000  RWIX
  CPU_TIMER1            00000c08   00000008  00000008  00000000  RWIX
  CPU_TIMER2            00000c10   00000008  00000008  00000000  RWIX
  PIE_CTRL              00000ce0   00000020  0000001a  00000006  RWIX
  PIE_VECT              00000d00   00000100  00000100  00000000  RWIX
  DMA                   00001000   00000200  000000e0  00000120  RWIX
  MCBSPA                00005000   00000040  00000025  0000001b  RWIX
  MCBSPB                00005040   00000040  00000025  0000001b  RWIX
  ECANA                 00006000   00000040  00000034  0000000c  RWIX
  ECANA_LAM             00006040   00000040  00000040  00000000  RWIX
  ECANA_MOTS            00006080   00000040  00000040  00000000  RWIX
  ECANA_MOTO            000060c0   00000040  00000040  00000000  RWIX
  ECANA_MBOX            00006100   00000100  00000100  00000000  RWIX
  ECANB                 00006200   00000040  00000034  0000000c  RWIX
  ECANB_LAM             00006240   00000040  00000040  00000000  RWIX
  ECANB_MOTS            00006280   00000040  00000040  00000000  RWIX
  ECANB_MOTO            000062c0   00000040  00000040  00000000  RWIX
  ECANB_MBOX            00006300   00000100  00000100  00000000  RWIX
  EPWM1                 00006800   00000022  00000022  00000000  RWIX
  EPWM2                 00006840   00000022  00000022  00000000  RWIX
  EPWM3                 00006880   00000022  00000022  00000000  RWIX
  EPWM4                 000068c0   00000022  00000022  00000000  RWIX
  EPWM5                 00006900   00000022  00000022  00000000  RWIX
  EPWM6                 00006940   00000022  00000022  00000000  RWIX
  ECAP1                 00006a00   00000020  00000020  00000000  RWIX
  ECAP2                 00006a20   00000020  00000020  00000000  RWIX
  ECAP3                 00006a40   00000020  00000020  00000000  RWIX
  ECAP4                 00006a60   00000020  00000020  00000000  RWIX
  ECAP5                 00006a80   00000020  00000020  00000000  RWIX
  ECAP6                 00006aa0   00000020  00000020  00000000  RWIX
  EQEP1                 00006b00   00000040  00000040  00000000  RWIX
  EQEP2                 00006b40   00000040  00000040  00000000  RWIX
  GPIOCTRL              00006f80   00000040  0000002e  00000012  RWIX
  GPIODAT               00006fc0   00000020  00000020  00000000  RWIX
  GPIOINT               00006fe0   00000020  0000000a  00000016  RWIX
  SYSTEM                00007010   00000020  00000020  00000000  RWIX
  SPIA                  00007040   00000010  00000010  00000000  RWIX
  SCIA                  00007050   00000010  00000010  00000000  RWIX
  XINTRUPT              00007070   00000010  00000010  00000000  RWIX
  ADC                   00007100   00000020  0000001e  00000002  RWIX
  SCIB                  00007750   00000010  00000010  00000000  RWIX
  SCIC                  00007770   00000010  00000010  00000000  RWIX
  I2CA                  00007900   00000040  00000022  0000001e  RWIX
  RAML4                 0000c000   00001000  00000688  00000978  RWIX
  RAML5                 0000d000   00001000  00000100  00000f00  RWIX
  RAML6                 0000e000   00001000  00000000  00001000  RWIX
  RAML7                 0000f000   00001000  00000000  00001000  RWIX
  ZONE6B                0010fc00   00000400  00000000  00000400  RWIX
  CSM_PWL               0033fff8   00000008  00000008  00000000  RWIX


SECTION ALLOCATION MAP

 output                                  attributes/
section   page    origin      length       input sections
--------  ----  ----------  ----------   ----------------
codestart 
*          0    00000000    00000002     
                  00000000    00000002     DSP2833x_CodeStartBranch.obj (codestart)

.pinit     0    00008000    00000000     UNINITIALIZED

ramfuncs   0    00008000    0000001f     
                  00008000    0000001b     DSP2833x_SysCtrl.obj (ramfuncs)
                  0000801b    00000004     DSP2833x_usDelay.obj (ramfuncs)

.cinit     0    0000801f    0000001b     
                  0000801f    0000000a     rts2800_fpu32.lib : _lock.obj (.cinit)
                  00008029    0000000a                       : exit.obj (.cinit)
                  00008033    00000005     uart_fpga.obj (.cinit)
                  00008038    00000002     --HOLE-- [fill = 0]

.text.1    0    00009000    00001000     
                  00009000    0000055e     uart_fpga.obj (.text)
                  0000955e    000004a7     MotorCanCtrl.obj (.text)
                  00009a05    000003f4     DSP2833x_DMA.obj (.text)
                  00009df9    0000012c     DSP2833x_ECan.obj (.text)
                  00009f25    0000007a     DSP2833x_CpuTimers.obj (.text)
                  00009f9f    00000046     rts2800_fpu32.lib : boot.obj (.text)
                  00009fe5    0000001b                       : args_main.obj (.text)

.text.2    0    0000a000    000009a8     
                  0000a000    000003b3     maincontrol_dsp.obj (.text)
                  0000a3b3    00000323     DSP2833x_DefaultIsr.obj (.text)
                  0000a6d6    000000fe     DSP2833x_Xintf.obj (.text)
                  0000a7d4    000000f5     DSP2833x_SysCtrl.obj (.text)
                  0000a8c9    00000042     DSP2833x_Sci.obj (.text)
                  0000a90b    00000028     DSP2833x_PieCtrl.obj (.text)
                  0000a933    00000020     DSP2833x_PieVect.obj (.text)
                  0000a953    00000019     rts2800_fpu32.lib : exit.obj (.text)
                  0000a96c    00000017     DSP2833x_MemCopy.obj (.text)
                  0000a983    00000014     DSP2833x_Adc.obj (.text)
                  0000a997    00000009     rts2800_fpu32.lib : _lock.obj (.text)
                  0000a9a0    00000008     DSP2833x_CodeStartBranch.obj (.text)

csm_rsvd   0    0033ff80    00000000     DSECT

csmpasswds 
*          0    0033fff8    00000000     DSECT

.adc_cal   0    00380080    00000007     NOLOAD SECTION
                  00380080    00000007     DSP2833x_ADC_cal.obj (.adc_cal)

.reset     0    003fffc0    00000002     DSECT
                  003fffc0    00000002     rts2800_fpu32.lib : boot.obj (.reset)

.stack     1    00000400    00000380     UNINITIALIZED
                  00000400    00000380     --HOLE--

DevEmuRegsFile 
*          1    00000880    000000d0     UNINITIALIZED
                  00000880    000000d0     DSP2833x_GlobalVariableDefs.obj (DevEmuRegsFile)

FlashRegsFile 
*          1    00000a80    00000008     UNINITIALIZED
                  00000a80    00000008     DSP2833x_GlobalVariableDefs.obj (FlashRegsFile)

CsmRegsFile 
*          1    00000ae0    00000010     UNINITIALIZED
                  00000ae0    00000010     DSP2833x_GlobalVariableDefs.obj (CsmRegsFile)

AdcMirrorFile 
*          1    00000b00    00000010     UNINITIALIZED
                  00000b00    00000010     DSP2833x_GlobalVariableDefs.obj (AdcMirrorFile)

XintfRegsFile 
*          1    00000b20    0000001e     UNINITIALIZED
                  00000b20    0000001e     DSP2833x_GlobalVariableDefs.obj (XintfRegsFile)

CpuTimer0RegsFile 
*          1    00000c00    00000008     UNINITIALIZED
                  00000c00    00000008     DSP2833x_GlobalVariableDefs.obj (CpuTimer0RegsFile)

CpuTimer1RegsFile 
*          1    00000c08    00000008     UNINITIALIZED
                  00000c08    00000008     DSP2833x_GlobalVariableDefs.obj (CpuTimer1RegsFile)

CpuTimer2RegsFile 
*          1    00000c10    00000008     UNINITIALIZED
                  00000c10    00000008     DSP2833x_GlobalVariableDefs.obj (CpuTimer2RegsFile)

PieCtrlRegsFile 
*          1    00000ce0    0000001a     UNINITIALIZED
                  00000ce0    0000001a     DSP2833x_GlobalVariableDefs.obj (PieCtrlRegsFile)

PieVectTableFile 
*          1    00000d00    00000100     UNINITIALIZED
                  00000d00    00000100     DSP2833x_GlobalVariableDefs.obj (PieVectTableFile)

DmaRegsFile 
*          1    00001000    000000e0     UNINITIALIZED
                  00001000    000000e0     DSP2833x_GlobalVariableDefs.obj (DmaRegsFile)

McbspaRegsFile 
*          1    00005000    00000025     UNINITIALIZED
                  00005000    00000025     DSP2833x_GlobalVariableDefs.obj (McbspaRegsFile)

McbspbRegsFile 
*          1    00005040    00000025     UNINITIALIZED
                  00005040    00000025     DSP2833x_GlobalVariableDefs.obj (McbspbRegsFile)

ECanaRegsFile 
*          1    00006000    00000034     UNINITIALIZED
                  00006000    00000034     DSP2833x_GlobalVariableDefs.obj (ECanaRegsFile)

ECanaLAMRegsFile 
*          1    00006040    00000040     UNINITIALIZED
                  00006040    00000040     DSP2833x_GlobalVariableDefs.obj (ECanaLAMRegsFile)

ECanaMOTSRegsFile 
*          1    00006080    00000040     UNINITIALIZED
                  00006080    00000040     DSP2833x_GlobalVariableDefs.obj (ECanaMOTSRegsFile)

ECanaMOTORegsFile 
*          1    000060c0    00000040     UNINITIALIZED
                  000060c0    00000040     DSP2833x_GlobalVariableDefs.obj (ECanaMOTORegsFile)

ECanaMboxesFile 
*          1    00006100    00000100     UNINITIALIZED
                  00006100    00000100     DSP2833x_GlobalVariableDefs.obj (ECanaMboxesFile)

ECanbRegsFile 
*          1    00006200    00000034     UNINITIALIZED
                  00006200    00000034     DSP2833x_GlobalVariableDefs.obj (ECanbRegsFile)

ECanbLAMRegsFile 
*          1    00006240    00000040     UNINITIALIZED
                  00006240    00000040     DSP2833x_GlobalVariableDefs.obj (ECanbLAMRegsFile)

ECanbMOTSRegsFile 
*          1    00006280    00000040     UNINITIALIZED
                  00006280    00000040     DSP2833x_GlobalVariableDefs.obj (ECanbMOTSRegsFile)

ECanbMOTORegsFile 
*          1    000062c0    00000040     UNINITIALIZED
                  000062c0    00000040     DSP2833x_GlobalVariableDefs.obj (ECanbMOTORegsFile)

ECanbMboxesFile 
*          1    00006300    00000100     UNINITIALIZED
                  00006300    00000100     DSP2833x_GlobalVariableDefs.obj (ECanbMboxesFile)

EPwm1RegsFile 
*          1    00006800    00000022     UNINITIALIZED
                  00006800    00000022     DSP2833x_GlobalVariableDefs.obj (EPwm1RegsFile)

EPwm2RegsFile 
*          1    00006840    00000022     UNINITIALIZED
                  00006840    00000022     DSP2833x_GlobalVariableDefs.obj (EPwm2RegsFile)

EPwm3RegsFile 
*          1    00006880    00000022     UNINITIALIZED
                  00006880    00000022     DSP2833x_GlobalVariableDefs.obj (EPwm3RegsFile)

EPwm4RegsFile 
*          1    000068c0    00000022     UNINITIALIZED
                  000068c0    00000022     DSP2833x_GlobalVariableDefs.obj (EPwm4RegsFile)

EPwm5RegsFile 
*          1    00006900    00000022     UNINITIALIZED
                  00006900    00000022     DSP2833x_GlobalVariableDefs.obj (EPwm5RegsFile)

EPwm6RegsFile 
*          1    00006940    00000022     UNINITIALIZED
                  00006940    00000022     DSP2833x_GlobalVariableDefs.obj (EPwm6RegsFile)

ECap1RegsFile 
*          1    00006a00    00000020     UNINITIALIZED
                  00006a00    00000020     DSP2833x_GlobalVariableDefs.obj (ECap1RegsFile)

ECap2RegsFile 
*          1    00006a20    00000020     UNINITIALIZED
                  00006a20    00000020     DSP2833x_GlobalVariableDefs.obj (ECap2RegsFile)

ECap3RegsFile 
*          1    00006a40    00000020     UNINITIALIZED
                  00006a40    00000020     DSP2833x_GlobalVariableDefs.obj (ECap3RegsFile)

ECap4RegsFile 
*          1    00006a60    00000020     UNINITIALIZED
                  00006a60    00000020     DSP2833x_GlobalVariableDefs.obj (ECap4RegsFile)

ECap5RegsFile 
*          1    00006a80    00000020     UNINITIALIZED
                  00006a80    00000020     DSP2833x_GlobalVariableDefs.obj (ECap5RegsFile)

ECap6RegsFile 
*          1    00006aa0    00000020     UNINITIALIZED
                  00006aa0    00000020     DSP2833x_GlobalVariableDefs.obj (ECap6RegsFile)

EQep1RegsFile 
*          1    00006b00    00000040     UNINITIALIZED
                  00006b00    00000040     DSP2833x_GlobalVariableDefs.obj (EQep1RegsFile)

EQep2RegsFile 
*          1    00006b40    00000040     UNINITIALIZED
                  00006b40    00000040     DSP2833x_GlobalVariableDefs.obj (EQep2RegsFile)

GpioCtrlRegsFile 
*          1    00006f80    0000002e     UNINITIALIZED
                  00006f80    0000002e     DSP2833x_GlobalVariableDefs.obj (GpioCtrlRegsFile)

GpioDataRegsFile 
*          1    00006fc0    00000020     UNINITIALIZED
                  00006fc0    00000020     DSP2833x_GlobalVariableDefs.obj (GpioDataRegsFile)

GpioIntRegsFile 
*          1    00006fe0    0000000a     UNINITIALIZED
                  00006fe0    0000000a     DSP2833x_GlobalVariableDefs.obj (GpioIntRegsFile)

SysCtrlRegsFile 
*          1    00007010    00000020     UNINITIALIZED
                  00007010    00000020     DSP2833x_GlobalVariableDefs.obj (SysCtrlRegsFile)

SpiaRegsFile 
*          1    00007040    00000010     UNINITIALIZED
                  00007040    00000010     DSP2833x_GlobalVariableDefs.obj (SpiaRegsFile)

SciaRegsFile 
*          1    00007050    00000010     UNINITIALIZED
                  00007050    00000010     DSP2833x_GlobalVariableDefs.obj (SciaRegsFile)

XIntruptRegsFile 
*          1    00007070    00000010     UNINITIALIZED
                  00007070    00000010     DSP2833x_GlobalVariableDefs.obj (XIntruptRegsFile)

AdcRegsFile 
*          1    00007100    0000001e     UNINITIALIZED
                  00007100    0000001e     DSP2833x_GlobalVariableDefs.obj (AdcRegsFile)

ScibRegsFile 
*          1    00007750    00000010     UNINITIALIZED
                  00007750    00000010     DSP2833x_GlobalVariableDefs.obj (ScibRegsFile)

ScicRegsFile 
*          1    00007770    00000010     UNINITIALIZED
                  00007770    00000010     DSP2833x_GlobalVariableDefs.obj (ScicRegsFile)

I2caRegsFile 
*          1    00007900    00000022     UNINITIALIZED
                  00007900    00000022     DSP2833x_GlobalVariableDefs.obj (I2caRegsFile)

.ebss      1    0000c000    00000688     UNINITIALIZED
                  0000c000    00000642     uart_fpga.obj (.ebss)
                  0000c642    00000024     MotorCanCtrl.obj (.ebss)
                  0000c666    00000018     DSP2833x_CpuTimers.obj (.ebss)
                  0000c67e    00000002     --HOLE--
                  0000c680    00000004     rts2800_fpu32.lib : _lock.obj (.ebss)
                  0000c684    00000004                       : exit.obj (.ebss)

.econst    1    0000d000    00000100     
                  0000d000    00000100     DSP2833x_PieVect.obj (.econst)

CsmPwlFile 
*          1    0033fff8    00000008     UNINITIALIZED
                  0033fff8    00000008     DSP2833x_GlobalVariableDefs.obj (CsmPwlFile)


GLOBAL SYMBOLS: SORTED ALPHABETICALLY BY Name 

address    name
--------   ----
ffffffff   .text
0000a953   C$$EXIT
0000a499   _ADCINT_ISR
00380080   _ADC_cal
00000b00   _AdcMirror
00007100   _AdcRegs
00009f64   _ConfigCpuTimer
0000c676   _CpuTimer0
00000c00   _CpuTimer0Regs
0000c666   _CpuTimer1
00000c08   _CpuTimer1Regs
0000c66e   _CpuTimer2
00000c10   _CpuTimer2Regs
0033fff8   _CsmPwl
00000ae0   _CsmRegs
0000a898   _CsmUnlock
0000a3c7   _DATALOG_ISR
0000a5bb   _DINTCH1_ISR
0000a5c5   _DINTCH2_ISR
0000a5cf   _DINTCH3_ISR
0000a5d9   _DINTCH4_ISR
0000a5e3   _DINTCH5_ISR
0000a5ed   _DINTCH6_ISR
00009a0f   _DMACH1AddrConfig
00009a21   _DMACH1BurstConfig
00009a54   _DMACH1ModeConfig
00009a31   _DMACH1TransferConfig
00009a41   _DMACH1WrapConfig
00009ab6   _DMACH2AddrConfig
00009ac8   _DMACH2BurstConfig
00009afb   _DMACH2ModeConfig
00009ad8   _DMACH2TransferConfig
00009ae8   _DMACH2WrapConfig
00009b5d   _DMACH3AddrConfig
00009b6f   _DMACH3BurstConfig
00009ba2   _DMACH3ModeConfig
00009b7f   _DMACH3TransferConfig
00009b8f   _DMACH3WrapConfig
00009c04   _DMACH4AddrConfig
00009c16   _DMACH4BurstConfig
00009c49   _DMACH4ModeConfig
00009c26   _DMACH4TransferConfig
00009c36   _DMACH4WrapConfig
00009cab   _DMACH5AddrConfig
00009cbd   _DMACH5BurstConfig
00009cf0   _DMACH5ModeConfig
00009ccd   _DMACH5TransferConfig
00009cdd   _DMACH5WrapConfig
00009d52   _DMACH6AddrConfig
00009d64   _DMACH6BurstConfig
00009d97   _DMACH6ModeConfig
00009d74   _DMACH6TransferConfig
00009d84   _DMACH6WrapConfig
00009a05   _DMAInitialize
0000801b   _DSP28x_usDelay
00000880   _DevEmuRegs
0000a7e7   _DisableDog
00001000   _DmaRegs
0000a647   _ECAN0INTA_ISR
0000a65b   _ECAN0INTB_ISR
0000a651   _ECAN1INTA_ISR
0000a665   _ECAN1INTB_ISR
0000a52f   _ECAP1_INT_ISR
0000a539   _ECAP2_INT_ISR
0000a543   _ECAP3_INT_ISR
0000a54d   _ECAP4_INT_ISR
0000a557   _ECAP5_INT_ISR
0000a561   _ECAP6_INT_ISR
00006040   _ECanaLAMRegs
000060c0   _ECanaMOTORegs
00006080   _ECanaMOTSRegs
00006100   _ECanaMboxes
00006000   _ECanaRegs
00006240   _ECanbLAMRegs
000062c0   _ECanbMOTORegs
00006280   _ECanbMOTSRegs
00006300   _ECanbMboxes
00006200   _ECanbRegs
00006a00   _ECap1Regs
00006a20   _ECap2Regs
00006a40   _ECap3Regs
00006a60   _ECap4Regs
00006a80   _ECap5Regs
00006aa0   _ECap6Regs
0000a6b5   _EMPTY_ISR
0000a3db   _EMUINT_ISR
0000a4f3   _EPWM1_INT_ISR
0000a4b7   _EPWM1_TZINT_ISR
0000a4fd   _EPWM2_INT_ISR
0000a4c1   _EPWM2_TZINT_ISR
0000a507   _EPWM3_INT_ISR
0000a4cb   _EPWM3_TZINT_ISR
0000a511   _EPWM4_INT_ISR
0000a4d5   _EPWM4_TZINT_ISR
0000a51b   _EPWM5_INT_ISR
0000a4df   _EPWM5_TZINT_ISR
0000a525   _EPWM6_INT_ISR
0000a4e9   _EPWM6_TZINT_ISR
00006800   _EPwm1Regs
00006840   _EPwm2Regs
00006880   _EPwm3Regs
000068c0   _EPwm4Regs
00006900   _EPwm5Regs
00006940   _EPwm6Regs
0000a56b   _EQEP1_INT_ISR
0000a575   _EQEP2_INT_ISR
00006b00   _EQep1Regs
00006b40   _EQep2Regs
0000a92a   _EnableInterrupts
00000a80   _FlashRegs
00006f80   _GpioCtrlRegs
00006fc0   _GpioDataRegs
00006fe0   _GpioIntRegs
0000a5f7   _I2CINT1A_ISR
0000a601   _I2CINT2A_ISR
00007900   _I2caRegs
0000a3ef   _ILLEGAL_ISR
0000a3b3   _INT13_ISR
0000a3bd   _INT14_ISR
0000a983   _InitAdc
00009f25   _InitCpuTimers
00009df9   _InitECan
00009efa   _InitECanGpio
00009dfe   _InitECana
00009eff   _InitECanaGpio
00009e7c   _InitECanb
00009f0f   _InitECanbGpio
00008000   _InitFlash
0000a83d   _InitPeripheralClocks
0000a90b   _InitPieCtrl
0000a933   _InitPieVectTable
0000a7ef   _InitPll
0000a8c9   _InitSci
0000a8ca   _InitSciGpio
0000a8cf   _InitSciaGpio
0000a8e5   _InitScibGpio
0000a8f5   _InitScicGpio
0000a7d4   _InitSysCtrl
0000a6d6   _InitXintf
0000a77a   _InitXintf16Gpio
0000a733   _InitXintf32Gpio
0000a6ab   _LUF_ISR
0000a6a1   _LVF_ISR
0000a5a7   _MRINTA_ISR
0000a593   _MRINTB_ISR
0000a5b1   _MXINTA_ISR
0000a59d   _MXINTB_ISR
00005000   _McbspaRegs
00005040   _McbspbRegs
0000a96c   _MemCopy
0000a3e5   _NMI_ISR
0000a6c2   _PIE_RESERVED
00000ce0   _PieCtrlRegs
00000d00   _PieVectTable
0000d000   _PieVectTableInit
0000a3d1   _RTOSINT_ISR
0000a61f   _SCIRXINTA_ISR
0000a633   _SCIRXINTB_ISR
0000a60b   _SCIRXINTC_ISR
0000a629   _SCITXINTA_ISR
0000a63d   _SCITXINTB_ISR
0000a615   _SCITXINTC_ISR
0000a471   _SEQ1INT_ISR
0000a47b   _SEQ2INT_ISR
0000a57f   _SPIRXINTA_ISR
0000a589   _SPITXINTA_ISR
00007050   _SciaRegs
00007750   _ScibRegs
00007770   _ScicRegs
0000a7dd   _ServiceDog
00007040   _SpiaRegs
00009aae   _StartDMACH1
00009b55   _StartDMACH2
00009bfc   _StartDMACH3
00009ca3   _StartDMACH4
00009d4a   _StartDMACH5
00009df1   _StartDMACH6
00007010   _SysCtrlRegs
0000a4a3   _TINT0_ISR
0000a453   _USER10_ISR
0000a45d   _USER11_ISR
0000a467   _USER12_ISR
0000a3f9   _USER1_ISR
0000a403   _USER2_ISR
0000a40d   _USER3_ISR
0000a417   _USER4_ISR
0000a421   _USER5_ISR
0000a42b   _USER6_ISR
0000a435   _USER7_ISR
0000a43f   _USER8_ISR
0000a449   _USER9_ISR
0000a4ad   _WAKEINT_ISR
0000a485   _XINT1_ISR
0000a48f   _XINT2_ISR
0000a66f   _XINT3_ISR
0000a679   _XINT4_ISR
0000a683   _XINT5_ISR
0000a68d   _XINT6_ISR
0000a697   _XINT7_ISR
00007070   _XIntruptRegs
00000b20   _XintfRegs
00000780   __STACK_END
00000380   __STACK_SIZE
00000001   __TI_args_main
ffffffff   ___binit__
ffffffff   ___c_args__
0000801f   ___cinit__
ffffffff   ___etext__
ffffffff   ___pinit__
ffffffff   ___text__
00009fe5   __args_main
0000c684   __cleanup_ptr
0000c686   __dtors_ptr
0000c682   __lock
0000a99f   __nop
0000a99b   __register_lock
0000a997   __register_unlock
00000400   __stack
0000c680   __unlock
0000a953   _abort
00009f9f   _c_int00
00009579   _can_rw_with_response_init
000097f4   _canopen_heart_beat_monitor
000097e9   _canopen_heart_beat_monitor_init
0000998a   _check_drive_status
0000a331   _cpu_timer0_isr
0000a375   _cpu_timer1_isr
0000a388   _cpu_timer2_isr
00009009   _crc_check
0000986e   _drive_position_mode_init
0000c65a   _drive_status
0000a955   _exit
00009038   _frame_check
000092b8   _frame_parse
0000956d   _get_drive_status
00009000   _get_flying_parameter
00009006   _get_global_flag
0000955e   _get_motor_pos_mode_para
00009003   _get_waypoint_info
0000a000   _main
0000905a   _memmove
0000a39c   _memset
0000c642   _pos_mode_parameter1
0000c64e   _pos_mode_parameter2
0000995d   _read_motor_prosition
0000a6cc   _rsvd_ISR
0000909c   _scib_echoback_init
00009088   _scib_fifo_init
00009090   _scib_xmit
0000920a   _send_frame
000090c7   _uart_fpga_frame_receive
000090ae   _uart_fpga_init
000090b3   _uart_fpga_tx_msg
000098fe   _write_target_position
ffffffff   binit
0000801f   cinit
00000000   code_start
ffffffff   etext
ffffffff   pinit


GLOBAL SYMBOLS: SORTED BY Symbol Address 

address    name
--------   ----
00000000   code_start
00000001   __TI_args_main
00000380   __STACK_SIZE
00000400   __stack
00000780   __STACK_END
00000880   _DevEmuRegs
00000a80   _FlashRegs
00000ae0   _CsmRegs
00000b00   _AdcMirror
00000b20   _XintfRegs
00000c00   _CpuTimer0Regs
00000c08   _CpuTimer1Regs
00000c10   _CpuTimer2Regs
00000ce0   _PieCtrlRegs
00000d00   _PieVectTable
00001000   _DmaRegs
00005000   _McbspaRegs
00005040   _McbspbRegs
00006000   _ECanaRegs
00006040   _ECanaLAMRegs
00006080   _ECanaMOTSRegs
000060c0   _ECanaMOTORegs
00006100   _ECanaMboxes
00006200   _ECanbRegs
00006240   _ECanbLAMRegs
00006280   _ECanbMOTSRegs
000062c0   _ECanbMOTORegs
00006300   _ECanbMboxes
00006800   _EPwm1Regs
00006840   _EPwm2Regs
00006880   _EPwm3Regs
000068c0   _EPwm4Regs
00006900   _EPwm5Regs
00006940   _EPwm6Regs
00006a00   _ECap1Regs
00006a20   _ECap2Regs
00006a40   _ECap3Regs
00006a60   _ECap4Regs
00006a80   _ECap5Regs
00006aa0   _ECap6Regs
00006b00   _EQep1Regs
00006b40   _EQep2Regs
00006f80   _GpioCtrlRegs
00006fc0   _GpioDataRegs
00006fe0   _GpioIntRegs
00007010   _SysCtrlRegs
00007040   _SpiaRegs
00007050   _SciaRegs
00007070   _XIntruptRegs
00007100   _AdcRegs
00007750   _ScibRegs
00007770   _ScicRegs
00007900   _I2caRegs
00008000   _InitFlash
0000801b   _DSP28x_usDelay
0000801f   ___cinit__
0000801f   cinit
00009000   _get_flying_parameter
00009003   _get_waypoint_info
00009006   _get_global_flag
00009009   _crc_check
00009038   _frame_check
0000905a   _memmove
00009088   _scib_fifo_init
00009090   _scib_xmit
0000909c   _scib_echoback_init
000090ae   _uart_fpga_init
000090b3   _uart_fpga_tx_msg
000090c7   _uart_fpga_frame_receive
0000920a   _send_frame
000092b8   _frame_parse
0000955e   _get_motor_pos_mode_para
0000956d   _get_drive_status
00009579   _can_rw_with_response_init
000097e9   _canopen_heart_beat_monitor_init
000097f4   _canopen_heart_beat_monitor
0000986e   _drive_position_mode_init
000098fe   _write_target_position
0000995d   _read_motor_prosition
0000998a   _check_drive_status
00009a05   _DMAInitialize
00009a0f   _DMACH1AddrConfig
00009a21   _DMACH1BurstConfig
00009a31   _DMACH1TransferConfig
00009a41   _DMACH1WrapConfig
00009a54   _DMACH1ModeConfig
00009aae   _StartDMACH1
00009ab6   _DMACH2AddrConfig
00009ac8   _DMACH2BurstConfig
00009ad8   _DMACH2TransferConfig
00009ae8   _DMACH2WrapConfig
00009afb   _DMACH2ModeConfig
00009b55   _StartDMACH2
00009b5d   _DMACH3AddrConfig
00009b6f   _DMACH3BurstConfig
00009b7f   _DMACH3TransferConfig
00009b8f   _DMACH3WrapConfig
00009ba2   _DMACH3ModeConfig
00009bfc   _StartDMACH3
00009c04   _DMACH4AddrConfig
00009c16   _DMACH4BurstConfig
00009c26   _DMACH4TransferConfig
00009c36   _DMACH4WrapConfig
00009c49   _DMACH4ModeConfig
00009ca3   _StartDMACH4
00009cab   _DMACH5AddrConfig
00009cbd   _DMACH5BurstConfig
00009ccd   _DMACH5TransferConfig
00009cdd   _DMACH5WrapConfig
00009cf0   _DMACH5ModeConfig
00009d4a   _StartDMACH5
00009d52   _DMACH6AddrConfig
00009d64   _DMACH6BurstConfig
00009d74   _DMACH6TransferConfig
00009d84   _DMACH6WrapConfig
00009d97   _DMACH6ModeConfig
00009df1   _StartDMACH6
00009df9   _InitECan
00009dfe   _InitECana
00009e7c   _InitECanb
00009efa   _InitECanGpio
00009eff   _InitECanaGpio
00009f0f   _InitECanbGpio
00009f25   _InitCpuTimers
00009f64   _ConfigCpuTimer
00009f9f   _c_int00
00009fe5   __args_main
0000a000   _main
0000a331   _cpu_timer0_isr
0000a375   _cpu_timer1_isr
0000a388   _cpu_timer2_isr
0000a39c   _memset
0000a3b3   _INT13_ISR
0000a3bd   _INT14_ISR
0000a3c7   _DATALOG_ISR
0000a3d1   _RTOSINT_ISR
0000a3db   _EMUINT_ISR
0000a3e5   _NMI_ISR
0000a3ef   _ILLEGAL_ISR
0000a3f9   _USER1_ISR
0000a403   _USER2_ISR
0000a40d   _USER3_ISR
0000a417   _USER4_ISR
0000a421   _USER5_ISR
0000a42b   _USER6_ISR
0000a435   _USER7_ISR
0000a43f   _USER8_ISR
0000a449   _USER9_ISR
0000a453   _USER10_ISR
0000a45d   _USER11_ISR
0000a467   _USER12_ISR
0000a471   _SEQ1INT_ISR
0000a47b   _SEQ2INT_ISR
0000a485   _XINT1_ISR
0000a48f   _XINT2_ISR
0000a499   _ADCINT_ISR
0000a4a3   _TINT0_ISR
0000a4ad   _WAKEINT_ISR
0000a4b7   _EPWM1_TZINT_ISR
0000a4c1   _EPWM2_TZINT_ISR
0000a4cb   _EPWM3_TZINT_ISR
0000a4d5   _EPWM4_TZINT_ISR
0000a4df   _EPWM5_TZINT_ISR
0000a4e9   _EPWM6_TZINT_ISR
0000a4f3   _EPWM1_INT_ISR
0000a4fd   _EPWM2_INT_ISR
0000a507   _EPWM3_INT_ISR
0000a511   _EPWM4_INT_ISR
0000a51b   _EPWM5_INT_ISR
0000a525   _EPWM6_INT_ISR
0000a52f   _ECAP1_INT_ISR
0000a539   _ECAP2_INT_ISR
0000a543   _ECAP3_INT_ISR
0000a54d   _ECAP4_INT_ISR
0000a557   _ECAP5_INT_ISR
0000a561   _ECAP6_INT_ISR
0000a56b   _EQEP1_INT_ISR
0000a575   _EQEP2_INT_ISR
0000a57f   _SPIRXINTA_ISR
0000a589   _SPITXINTA_ISR
0000a593   _MRINTB_ISR
0000a59d   _MXINTB_ISR
0000a5a7   _MRINTA_ISR
0000a5b1   _MXINTA_ISR
0000a5bb   _DINTCH1_ISR
0000a5c5   _DINTCH2_ISR
0000a5cf   _DINTCH3_ISR
0000a5d9   _DINTCH4_ISR
0000a5e3   _DINTCH5_ISR
0000a5ed   _DINTCH6_ISR
0000a5f7   _I2CINT1A_ISR
0000a601   _I2CINT2A_ISR
0000a60b   _SCIRXINTC_ISR
0000a615   _SCITXINTC_ISR
0000a61f   _SCIRXINTA_ISR
0000a629   _SCITXINTA_ISR
0000a633   _SCIRXINTB_ISR
0000a63d   _SCITXINTB_ISR
0000a647   _ECAN0INTA_ISR
0000a651   _ECAN1INTA_ISR
0000a65b   _ECAN0INTB_ISR
0000a665   _ECAN1INTB_ISR
0000a66f   _XINT3_ISR
0000a679   _XINT4_ISR
0000a683   _XINT5_ISR
0000a68d   _XINT6_ISR
0000a697   _XINT7_ISR
0000a6a1   _LVF_ISR
0000a6ab   _LUF_ISR
0000a6b5   _EMPTY_ISR
0000a6c2   _PIE_RESERVED
0000a6cc   _rsvd_ISR
0000a6d6   _InitXintf
0000a733   _InitXintf32Gpio
0000a77a   _InitXintf16Gpio
0000a7d4   _InitSysCtrl
0000a7dd   _ServiceDog
0000a7e7   _DisableDog
0000a7ef   _InitPll
0000a83d   _InitPeripheralClocks
0000a898   _CsmUnlock
0000a8c9   _InitSci
0000a8ca   _InitSciGpio
0000a8cf   _InitSciaGpio
0000a8e5   _InitScibGpio
0000a8f5   _InitScicGpio
0000a90b   _InitPieCtrl
0000a92a   _EnableInterrupts
0000a933   _InitPieVectTable
0000a953   C$$EXIT
0000a953   _abort
0000a955   _exit
0000a96c   _MemCopy
0000a983   _InitAdc
0000a997   __register_unlock
0000a99b   __register_lock
0000a99f   __nop
0000c642   _pos_mode_parameter1
0000c64e   _pos_mode_parameter2
0000c65a   _drive_status
0000c666   _CpuTimer1
0000c66e   _CpuTimer2
0000c676   _CpuTimer0
0000c680   __unlock
0000c682   __lock
0000c684   __cleanup_ptr
0000c686   __dtors_ptr
0000d000   _PieVectTableInit
0033fff8   _CsmPwl
00380080   _ADC_cal
ffffffff   .text
ffffffff   ___binit__
ffffffff   ___c_args__
ffffffff   ___etext__
ffffffff   ___pinit__
ffffffff   ___text__
ffffffff   binit
ffffffff   etext
ffffffff   pinit

[259 symbols]
