******************************************************************************
             TMS320C2000 Linker PC v5.2.3                      
******************************************************************************
>> Linked Mon Apr 18 13:17:25 2016

OUTPUT FILE NAME:   <maincontrol_dsp.out>
ENTRY POINT SYMBOL: "_c_int00"  address: 00009fb0


MEMORY CONFIGURATION

         name            origin    length      used     unused   attr    fill
----------------------  --------  ---------  --------  --------  ----  --------
PAGE 0:
  BEGIN                 00000000   00000002  00000002  00000000  RWIX
  BOOT_RSVD             00000002   0000004e  00000000  0000004e  RWIX
  RAMM0                 00000050   000003b0  00000000  000003b0  RWIX
  RAML0                 00008000   00001000  00000037  00000fc9  RWIX
  RAML1                 00009000   00001000  00000fff  00000001  RWIX
  RAML2                 0000a000   00001000  000002da  00000d26  RWIX
  RAML3                 0000b000   00001000  00000000  00001000  RWIX
  ZONE6A                00100000   0000fc00  00000000  0000fc00  RWIX
  CSM_RSVD              0033ff80   00000076  00000000  00000076  RWIX
  CSM_PWL               0033fff8   00000008  00000000  00000008  RWIX
  ADC_CAL               00380080   00000009  00000007  00000002  RWIX
  IQTABLES              003fe000   00000b50  00000000  00000b50  RWIX
  IQTABLES2             003feb50   0000008c  00000000  0000008c  RWIX
  FPUTABLES             003febdc   000006a0  00000000  000006a0  RWIX
  BOOTROM               003ff27c   00000d44  00000000  00000d44  RWIX
  RESET                 003fffc0   00000002  00000000  00000002  RWIX

PAGE 1:
  RAMM1                 00000400   00000400  00000380  00000080  RWIX
  DEV_EMU               00000880   00000180  000000d0  000000b0  RWIX
  FLASH_REGS            00000a80   00000060  00000008  00000058  RWIX
  CSM                   00000ae0   00000010  00000010  00000000  RWIX
  ADC_MIRROR            00000b00   00000010  00000010  00000000  RWIX
  XINTF                 00000b20   00000020  0000001e  00000002  RWIX
  CPU_TIMER0            00000c00   00000008  00000008  00000000  RWIX
  CPU_TIMER1            00000c08   00000008  00000008  00000000  RWIX
  CPU_TIMER2            00000c10   00000008  00000008  00000000  RWIX
  PIE_CTRL              00000ce0   00000020  0000001a  00000006  RWIX
  PIE_VECT              00000d00   00000100  00000100  00000000  RWIX
  DMA                   00001000   00000200  000000e0  00000120  RWIX
  MCBSPA                00005000   00000040  00000025  0000001b  RWIX
  MCBSPB                00005040   00000040  00000025  0000001b  RWIX
  ECANA                 00006000   00000040  00000034  0000000c  RWIX
  ECANA_LAM             00006040   00000040  00000040  00000000  RWIX
  ECANA_MOTS            00006080   00000040  00000040  00000000  RWIX
  ECANA_MOTO            000060c0   00000040  00000040  00000000  RWIX
  ECANA_MBOX            00006100   00000100  00000100  00000000  RWIX
  ECANB                 00006200   00000040  00000034  0000000c  RWIX
  ECANB_LAM             00006240   00000040  00000040  00000000  RWIX
  ECANB_MOTS            00006280   00000040  00000040  00000000  RWIX
  ECANB_MOTO            000062c0   00000040  00000040  00000000  RWIX
  ECANB_MBOX            00006300   00000100  00000100  00000000  RWIX
  EPWM1                 00006800   00000022  00000022  00000000  RWIX
  EPWM2                 00006840   00000022  00000022  00000000  RWIX
  EPWM3                 00006880   00000022  00000022  00000000  RWIX
  EPWM4                 000068c0   00000022  00000022  00000000  RWIX
  EPWM5                 00006900   00000022  00000022  00000000  RWIX
  EPWM6                 00006940   00000022  00000022  00000000  RWIX
  ECAP1                 00006a00   00000020  00000020  00000000  RWIX
  ECAP2                 00006a20   00000020  00000020  00000000  RWIX
  ECAP3                 00006a40   00000020  00000020  00000000  RWIX
  ECAP4                 00006a60   00000020  00000020  00000000  RWIX
  ECAP5                 00006a80   00000020  00000020  00000000  RWIX
  ECAP6                 00006aa0   00000020  00000020  00000000  RWIX
  EQEP1                 00006b00   00000040  00000040  00000000  RWIX
  EQEP2                 00006b40   00000040  00000040  00000000  RWIX
  GPIOCTRL              00006f80   00000040  0000002e  00000012  RWIX
  GPIODAT               00006fc0   00000020  00000020  00000000  RWIX
  GPIOINT               00006fe0   00000020  0000000a  00000016  RWIX
  SYSTEM                00007010   00000020  00000020  00000000  RWIX
  SPIA                  00007040   00000010  00000010  00000000  RWIX
  SCIA                  00007050   00000010  00000010  00000000  RWIX
  XINTRUPT              00007070   00000010  00000010  00000000  RWIX
  ADC                   00007100   00000020  0000001e  00000002  RWIX
  SCIB                  00007750   00000010  00000010  00000000  RWIX
  SCIC                  00007770   00000010  00000010  00000000  RWIX
  I2CA                  00007900   00000040  00000022  0000001e  RWIX
  RAML4                 0000c000   00001000  00000688  00000978  RWIX
  RAML5                 0000d000   00001000  00000100  00000f00  RWIX
  RAML6                 0000e000   00001000  00000000  00001000  RWIX
  RAML7                 0000f000   00001000  00000000  00001000  RWIX
  ZONE6B                0010fc00   00000400  00000000  00000400  RWIX
  CSM_PWL               0033fff8   00000008  00000008  00000000  RWIX


SECTION ALLOCATION MAP

 output                                  attributes/
section   page    origin      length       input sections
--------  ----  ----------  ----------   ----------------
codestart 
*          0    00000000    00000002     
                  00000000    00000002     DSP2833x_CodeStartBranch.obj (codestart)

.pinit     0    00008000    00000000     UNINITIALIZED

ramfuncs   0    00008000    00000021     
                  00008000    0000001d     DSP2833x_SysCtrl.obj (ramfuncs)
                  0000801d    00000004     DSP2833x_usDelay.obj (ramfuncs)

.cinit     0    00008021    00000016     
                  00008021    0000000a     rts2800_fpu32.lib : _lock.obj (.cinit)
                  0000802b    0000000a                       : exit.obj (.cinit)
                  00008035    00000002     --HOLE-- [fill = 0]

.text.1    0    00009000    00000fff     
                  00009000    0000039d     DSP2833x_DMA.obj (.text)
                  0000939d    00000360     MotorCanCtrl.obj (.text)
                  000096fd    00000323     DSP2833x_DefaultIsr.obj (.text)
                  00009a20    000002f9     uart_fpga.obj (.text)
                  00009d19    00000121     DSP2833x_Xintf.obj (.text)
                  00009e3a    00000119     maincontrol_dsp.obj (.text)
                  00009f53    0000005d     DSP2833x_CpuTimers.obj (.text)
                  00009fb0    00000046     rts2800_fpu32.lib : boot.obj (.text)
                  00009ff6    00000009                       : _lock.obj (.text)

.text.2    0    0000a000    000002da     
                  0000a000    000000f9     DSP2833x_SysCtrl.obj (.text)
                  0000a0f9    000000f3     DSP2833x_ECan.obj (.text)
                  0000a1ec    00000056     DSP2833x_Sci.obj (.text)
                  0000a242    00000028     DSP2833x_PieCtrl.obj (.text)
                  0000a26a    0000001b     rts2800_fpu32.lib : args_main.obj (.text)
                  0000a285    00000019                       : exit.obj (.text)
                  0000a29e    00000014     DSP2833x_Adc.obj (.text)
                  0000a2b2    00000011     DSP2833x_PieVect.obj (.text)
                  0000a2c3    0000000f     DSP2833x_MemCopy.obj (.text)
                  0000a2d2    00000008     DSP2833x_CodeStartBranch.obj (.text)

csm_rsvd   0    0033ff80    00000000     DSECT

csmpasswds 
*          0    0033fff8    00000000     DSECT

.adc_cal   0    00380080    00000007     NOLOAD SECTION
                  00380080    00000007     DSP2833x_ADC_cal.obj (.adc_cal)

.reset     0    003fffc0    00000002     DSECT
                  003fffc0    00000002     rts2800_fpu32.lib : boot.obj (.reset)

.stack     1    00000400    00000380     UNINITIALIZED
                  00000400    00000380     --HOLE--

DevEmuRegsFile 
*          1    00000880    000000d0     UNINITIALIZED
                  00000880    000000d0     DSP2833x_GlobalVariableDefs.obj (DevEmuRegsFile)

FlashRegsFile 
*          1    00000a80    00000008     UNINITIALIZED
                  00000a80    00000008     DSP2833x_GlobalVariableDefs.obj (FlashRegsFile)

CsmRegsFile 
*          1    00000ae0    00000010     UNINITIALIZED
                  00000ae0    00000010     DSP2833x_GlobalVariableDefs.obj (CsmRegsFile)

AdcMirrorFile 
*          1    00000b00    00000010     UNINITIALIZED
                  00000b00    00000010     DSP2833x_GlobalVariableDefs.obj (AdcMirrorFile)

XintfRegsFile 
*          1    00000b20    0000001e     UNINITIALIZED
                  00000b20    0000001e     DSP2833x_GlobalVariableDefs.obj (XintfRegsFile)

CpuTimer0RegsFile 
*          1    00000c00    00000008     UNINITIALIZED
                  00000c00    00000008     DSP2833x_GlobalVariableDefs.obj (CpuTimer0RegsFile)

CpuTimer1RegsFile 
*          1    00000c08    00000008     UNINITIALIZED
                  00000c08    00000008     DSP2833x_GlobalVariableDefs.obj (CpuTimer1RegsFile)

CpuTimer2RegsFile 
*          1    00000c10    00000008     UNINITIALIZED
                  00000c10    00000008     DSP2833x_GlobalVariableDefs.obj (CpuTimer2RegsFile)

PieCtrlRegsFile 
*          1    00000ce0    0000001a     UNINITIALIZED
                  00000ce0    0000001a     DSP2833x_GlobalVariableDefs.obj (PieCtrlRegsFile)

PieVectTableFile 
*          1    00000d00    00000100     UNINITIALIZED
                  00000d00    00000100     DSP2833x_GlobalVariableDefs.obj (PieVectTableFile)

DmaRegsFile 
*          1    00001000    000000e0     UNINITIALIZED
                  00001000    000000e0     DSP2833x_GlobalVariableDefs.obj (DmaRegsFile)

McbspaRegsFile 
*          1    00005000    00000025     UNINITIALIZED
                  00005000    00000025     DSP2833x_GlobalVariableDefs.obj (McbspaRegsFile)

McbspbRegsFile 
*          1    00005040    00000025     UNINITIALIZED
                  00005040    00000025     DSP2833x_GlobalVariableDefs.obj (McbspbRegsFile)

ECanaRegsFile 
*          1    00006000    00000034     UNINITIALIZED
                  00006000    00000034     DSP2833x_GlobalVariableDefs.obj (ECanaRegsFile)

ECanaLAMRegsFile 
*          1    00006040    00000040     UNINITIALIZED
                  00006040    00000040     DSP2833x_GlobalVariableDefs.obj (ECanaLAMRegsFile)

ECanaMOTSRegsFile 
*          1    00006080    00000040     UNINITIALIZED
                  00006080    00000040     DSP2833x_GlobalVariableDefs.obj (ECanaMOTSRegsFile)

ECanaMOTORegsFile 
*          1    000060c0    00000040     UNINITIALIZED
                  000060c0    00000040     DSP2833x_GlobalVariableDefs.obj (ECanaMOTORegsFile)

ECanaMboxesFile 
*          1    00006100    00000100     UNINITIALIZED
                  00006100    00000100     DSP2833x_GlobalVariableDefs.obj (ECanaMboxesFile)

ECanbRegsFile 
*          1    00006200    00000034     UNINITIALIZED
                  00006200    00000034     DSP2833x_GlobalVariableDefs.obj (ECanbRegsFile)

ECanbLAMRegsFile 
*          1    00006240    00000040     UNINITIALIZED
                  00006240    00000040     DSP2833x_GlobalVariableDefs.obj (ECanbLAMRegsFile)

ECanbMOTSRegsFile 
*          1    00006280    00000040     UNINITIALIZED
                  00006280    00000040     DSP2833x_GlobalVariableDefs.obj (ECanbMOTSRegsFile)

ECanbMOTORegsFile 
*          1    000062c0    00000040     UNINITIALIZED
                  000062c0    00000040     DSP2833x_GlobalVariableDefs.obj (ECanbMOTORegsFile)

ECanbMboxesFile 
*          1    00006300    00000100     UNINITIALIZED
                  00006300    00000100     DSP2833x_GlobalVariableDefs.obj (ECanbMboxesFile)

EPwm1RegsFile 
*          1    00006800    00000022     UNINITIALIZED
                  00006800    00000022     DSP2833x_GlobalVariableDefs.obj (EPwm1RegsFile)

EPwm2RegsFile 
*          1    00006840    00000022     UNINITIALIZED
                  00006840    00000022     DSP2833x_GlobalVariableDefs.obj (EPwm2RegsFile)

EPwm3RegsFile 
*          1    00006880    00000022     UNINITIALIZED
                  00006880    00000022     DSP2833x_GlobalVariableDefs.obj (EPwm3RegsFile)

EPwm4RegsFile 
*          1    000068c0    00000022     UNINITIALIZED
                  000068c0    00000022     DSP2833x_GlobalVariableDefs.obj (EPwm4RegsFile)

EPwm5RegsFile 
*          1    00006900    00000022     UNINITIALIZED
                  00006900    00000022     DSP2833x_GlobalVariableDefs.obj (EPwm5RegsFile)

EPwm6RegsFile 
*          1    00006940    00000022     UNINITIALIZED
                  00006940    00000022     DSP2833x_GlobalVariableDefs.obj (EPwm6RegsFile)

ECap1RegsFile 
*          1    00006a00    00000020     UNINITIALIZED
                  00006a00    00000020     DSP2833x_GlobalVariableDefs.obj (ECap1RegsFile)

ECap2RegsFile 
*          1    00006a20    00000020     UNINITIALIZED
                  00006a20    00000020     DSP2833x_GlobalVariableDefs.obj (ECap2RegsFile)

ECap3RegsFile 
*          1    00006a40    00000020     UNINITIALIZED
                  00006a40    00000020     DSP2833x_GlobalVariableDefs.obj (ECap3RegsFile)

ECap4RegsFile 
*          1    00006a60    00000020     UNINITIALIZED
                  00006a60    00000020     DSP2833x_GlobalVariableDefs.obj (ECap4RegsFile)

ECap5RegsFile 
*          1    00006a80    00000020     UNINITIALIZED
                  00006a80    00000020     DSP2833x_GlobalVariableDefs.obj (ECap5RegsFile)

ECap6RegsFile 
*          1    00006aa0    00000020     UNINITIALIZED
                  00006aa0    00000020     DSP2833x_GlobalVariableDefs.obj (ECap6RegsFile)

EQep1RegsFile 
*          1    00006b00    00000040     UNINITIALIZED
                  00006b00    00000040     DSP2833x_GlobalVariableDefs.obj (EQep1RegsFile)

EQep2RegsFile 
*          1    00006b40    00000040     UNINITIALIZED
                  00006b40    00000040     DSP2833x_GlobalVariableDefs.obj (EQep2RegsFile)

GpioCtrlRegsFile 
*          1    00006f80    0000002e     UNINITIALIZED
                  00006f80    0000002e     DSP2833x_GlobalVariableDefs.obj (GpioCtrlRegsFile)

GpioDataRegsFile 
*          1    00006fc0    00000020     UNINITIALIZED
                  00006fc0    00000020     DSP2833x_GlobalVariableDefs.obj (GpioDataRegsFile)

GpioIntRegsFile 
*          1    00006fe0    0000000a     UNINITIALIZED
                  00006fe0    0000000a     DSP2833x_GlobalVariableDefs.obj (GpioIntRegsFile)

SysCtrlRegsFile 
*          1    00007010    00000020     UNINITIALIZED
                  00007010    00000020     DSP2833x_GlobalVariableDefs.obj (SysCtrlRegsFile)

SpiaRegsFile 
*          1    00007040    00000010     UNINITIALIZED
                  00007040    00000010     DSP2833x_GlobalVariableDefs.obj (SpiaRegsFile)

SciaRegsFile 
*          1    00007050    00000010     UNINITIALIZED
                  00007050    00000010     DSP2833x_GlobalVariableDefs.obj (SciaRegsFile)

XIntruptRegsFile 
*          1    00007070    00000010     UNINITIALIZED
                  00007070    00000010     DSP2833x_GlobalVariableDefs.obj (XIntruptRegsFile)

AdcRegsFile 
*          1    00007100    0000001e     UNINITIALIZED
                  00007100    0000001e     DSP2833x_GlobalVariableDefs.obj (AdcRegsFile)

ScibRegsFile 
*          1    00007750    00000010     UNINITIALIZED
                  00007750    00000010     DSP2833x_GlobalVariableDefs.obj (ScibRegsFile)

ScicRegsFile 
*          1    00007770    00000010     UNINITIALIZED
                  00007770    00000010     DSP2833x_GlobalVariableDefs.obj (ScicRegsFile)

I2caRegsFile 
*          1    00007900    00000022     UNINITIALIZED
                  00007900    00000022     DSP2833x_GlobalVariableDefs.obj (I2caRegsFile)

.ebss      1    0000c000    00000688     UNINITIALIZED
                  0000c000    00000642     uart_fpga.obj (.ebss)
                  0000c642    00000024     MotorCanCtrl.obj (.ebss)
                  0000c666    00000018     DSP2833x_CpuTimers.obj (.ebss)
                  0000c67e    00000002     --HOLE--
                  0000c680    00000004     rts2800_fpu32.lib : _lock.obj (.ebss)
                  0000c684    00000004                       : exit.obj (.ebss)

.econst    1    0000d000    00000100     
                  0000d000    00000100     DSP2833x_PieVect.obj (.econst)

CsmPwlFile 
*          1    0033fff8    00000008     UNINITIALIZED
                  0033fff8    00000008     DSP2833x_GlobalVariableDefs.obj (CsmPwlFile)


GLOBAL SYMBOLS: SORTED ALPHABETICALLY BY Name 

address    name
--------   ----
ffffffff   .text
0000a285   C$$EXIT
00009a16   _ADCINT_ISR
00380080   _ADC_cal
00000b00   _AdcMirror
00007100   _AdcRegs
00009f8e   _ConfigCpuTimer
0000c676   _CpuTimer0
00000c00   _CpuTimer0Regs
0000c666   _CpuTimer1
00000c08   _CpuTimer1Regs
0000c66e   _CpuTimer2
00000c10   _CpuTimer2Regs
0033fff8   _CsmPwl
00000ae0   _CsmRegs
0000a0cb   _CsmUnlock
00009a0c   _DATALOG_ISR
00009a02   _DINTCH1_ISR
000099f8   _DINTCH2_ISR
000099ee   _DINTCH3_ISR
000099e4   _DINTCH4_ISR
000099da   _DINTCH5_ISR
000099d0   _DINTCH6_ISR
00009393   _DMACH1AddrConfig
0000938a   _DMACH1BurstConfig
00009321   _DMACH1ModeConfig
00009318   _DMACH1TransferConfig
0000930e   _DMACH1WrapConfig
00009304   _DMACH2AddrConfig
000092fb   _DMACH2BurstConfig
00009292   _DMACH2ModeConfig
00009289   _DMACH2TransferConfig
0000927f   _DMACH2WrapConfig
00009275   _DMACH3AddrConfig
0000926c   _DMACH3BurstConfig
00009203   _DMACH3ModeConfig
000091fa   _DMACH3TransferConfig
000091f0   _DMACH3WrapConfig
000091e6   _DMACH4AddrConfig
000091dd   _DMACH4BurstConfig
00009171   _DMACH4ModeConfig
00009168   _DMACH4TransferConfig
0000915e   _DMACH4WrapConfig
00009154   _DMACH5AddrConfig
0000914b   _DMACH5BurstConfig
000090df   _DMACH5ModeConfig
000090d6   _DMACH5TransferConfig
000090cc   _DMACH5WrapConfig
000090c2   _DMACH6AddrConfig
000090b9   _DMACH6BurstConfig
0000904d   _DMACH6ModeConfig
00009044   _DMACH6TransferConfig
0000903a   _DMACH6WrapConfig
00009030   _DMAInitialize
0000801d   _DSP28x_usDelay
00000880   _DevEmuRegs
0000a00a   _DisableDog
00001000   _DmaRegs
000099c6   _ECAN0INTA_ISR
000099bc   _ECAN0INTB_ISR
000099b2   _ECAN1INTA_ISR
000099a8   _ECAN1INTB_ISR
0000999e   _ECAP1_INT_ISR
00009994   _ECAP2_INT_ISR
0000998a   _ECAP3_INT_ISR
00009980   _ECAP4_INT_ISR
00009976   _ECAP5_INT_ISR
0000996c   _ECAP6_INT_ISR
00006040   _ECanaLAMRegs
000060c0   _ECanaMOTORegs
00006080   _ECanaMOTSRegs
00006100   _ECanaMboxes
00006000   _ECanaRegs
00006240   _ECanbLAMRegs
000062c0   _ECanbMOTORegs
00006280   _ECanbMOTSRegs
00006300   _ECanbMboxes
00006200   _ECanbRegs
00006a00   _ECap1Regs
00006a20   _ECap2Regs
00006a40   _ECap3Regs
00006a60   _ECap4Regs
00006a80   _ECap5Regs
00006aa0   _ECap6Regs
0000995f   _EMPTY_ISR
00009955   _EMUINT_ISR
0000994b   _EPWM1_INT_ISR
00009941   _EPWM1_TZINT_ISR
00009937   _EPWM2_INT_ISR
0000992d   _EPWM2_TZINT_ISR
00009923   _EPWM3_INT_ISR
00009919   _EPWM3_TZINT_ISR
0000990f   _EPWM4_INT_ISR
00009905   _EPWM4_TZINT_ISR
000098fb   _EPWM5_INT_ISR
000098f1   _EPWM5_TZINT_ISR
000098e7   _EPWM6_INT_ISR
000098dd   _EPWM6_TZINT_ISR
00006800   _EPwm1Regs
00006840   _EPwm2Regs
00006880   _EPwm3Regs
000068c0   _EPwm4Regs
00006900   _EPwm5Regs
00006940   _EPwm6Regs
000098d3   _EQEP1_INT_ISR
000098c9   _EQEP2_INT_ISR
00006b00   _EQep1Regs
00006b40   _EQep2Regs
0000a261   _EnableInterrupts
00000a80   _FlashRegs
00006f80   _GpioCtrlRegs
00006fc0   _GpioDataRegs
00006fe0   _GpioIntRegs
000098bf   _I2CINT1A_ISR
000098b5   _I2CINT2A_ISR
00007900   _I2caRegs
000098ab   _ILLEGAL_ISR
000098a1   _INT13_ISR
00009897   _INT14_ISR
0000a29e   _InitAdc
00009f53   _InitCpuTimers
0000a1e7   _InitECan
0000a1e2   _InitECanGpio
0000a185   _InitECana
0000a170   _InitECanaGpio
0000a113   _InitECanb
0000a0f9   _InitECanbGpio
00008000   _InitFlash
0000a05c   _InitPeripheralClocks
0000a242   _InitPieCtrl
0000a2b2   _InitPieVectTable
0000a012   _InitPll
0000a241   _InitSci
0000a23c   _InitSciGpio
0000a221   _InitSciaGpio
0000a209   _InitScibGpio
0000a1ec   _InitScicGpio
0000a0c2   _InitSysCtrl
00009dd0   _InitXintf
00009d19   _InitXintf16Gpio
00009d80   _InitXintf32Gpio
0000988d   _LUF_ISR
00009883   _LVF_ISR
00009879   _MRINTA_ISR
0000986f   _MRINTB_ISR
00009865   _MXINTA_ISR
0000985b   _MXINTB_ISR
00005000   _McbspaRegs
00005040   _McbspbRegs
0000a2c3   _MemCopy
00009851   _NMI_ISR
00009847   _PIE_RESERVED
00000ce0   _PieCtrlRegs
00000d00   _PieVectTable
0000d000   _PieVectTableInit
0000983d   _RTOSINT_ISR
00009833   _SCIRXINTA_ISR
00009829   _SCIRXINTB_ISR
0000981f   _SCIRXINTC_ISR
00009815   _SCITXINTA_ISR
0000980b   _SCITXINTB_ISR
00009801   _SCITXINTC_ISR
000097f7   _SEQ1INT_ISR
000097ed   _SEQ2INT_ISR
000097e3   _SPIRXINTA_ISR
000097d9   _SPITXINTA_ISR
00007050   _SciaRegs
00007750   _ScibRegs
00007770   _ScicRegs
0000a000   _ServiceDog
00007040   _SpiaRegs
00009028   _StartDMACH1
00009020   _StartDMACH2
00009018   _StartDMACH3
00009010   _StartDMACH4
00009008   _StartDMACH5
00009000   _StartDMACH6
00007010   _SysCtrlRegs
000097cf   _TINT0_ISR
000097c5   _USER10_ISR
000097bb   _USER11_ISR
000097b1   _USER12_ISR
000097a7   _USER1_ISR
0000979d   _USER2_ISR
00009793   _USER3_ISR
00009789   _USER4_ISR
0000977f   _USER5_ISR
00009775   _USER6_ISR
0000976b   _USER7_ISR
00009761   _USER8_ISR
00009757   _USER9_ISR
0000974d   _WAKEINT_ISR
00009743   _XINT1_ISR
00009739   _XINT2_ISR
0000972f   _XINT3_ISR
00009725   _XINT4_ISR
0000971b   _XINT5_ISR
00009711   _XINT6_ISR
00009707   _XINT7_ISR
00007070   _XIntruptRegs
00000b20   _XintfRegs
00000780   __STACK_END
00000380   __STACK_SIZE
00000001   __TI_args_main
ffffffff   ___binit__
ffffffff   ___c_args__
00008021   ___cinit__
ffffffff   ___etext__
ffffffff   ___pinit__
ffffffff   ___text__
0000a26a   __args_main
0000c684   __cleanup_ptr
0000c686   __dtors_ptr
0000c682   __lock
00009ffe   __nop
00009ffa   __register_lock
00009ff6   __register_unlock
00000400   __stack
0000c680   __unlock
0000a285   _abort
00009fb0   _c_int00
000096ec   _can_rw_with_response_init
000096d1   _canopen_heart_beat_monitor
000096cb   _canopen_heart_beat_monitor_init
0000968c   _check_drive_status
00009f12   _cpu_timer0_isr
00009eff   _cpu_timer1_isr
00009eeb   _cpu_timer2_isr
00009ac9   _crc_check
0000960d   _drive_position_mode_init
0000c65a   _drive_status
0000a287   _exit
00009d03   _frame_check
00009b71   _frame_parse
00009b6e   _get_flying_parameter
00009b6b   _get_global_flag
00009601   _get_motor_pos_mode_para
00009b68   _get_waypoint_info
00009e4c   _main
00009a50   _memmove
00009e3a   _memset
0000c642   _pos_mode_parameter1
0000c64e   _pos_mode_parameter2
000095e4   _read_motor_prosition
000096fd   _rsvd_ISR
00009a39   _scib_echoback_init
00009a31   _scib_fifo_init
00009a20   _scib_xmit
00009ae6   _send_frame
00009a6d   _uart_fpga_frame_receive
00009a4b   _uart_fpga_init
00009a27   _uart_fpga_tx_msg
00009592   _write_target_position
ffffffff   binit
00008021   cinit
00000000   code_start
ffffffff   etext
ffffffff   pinit


GLOBAL SYMBOLS: SORTED BY Symbol Address 

address    name
--------   ----
00000000   code_start
00000001   __TI_args_main
00000380   __STACK_SIZE
00000400   __stack
00000780   __STACK_END
00000880   _DevEmuRegs
00000a80   _FlashRegs
00000ae0   _CsmRegs
00000b00   _AdcMirror
00000b20   _XintfRegs
00000c00   _CpuTimer0Regs
00000c08   _CpuTimer1Regs
00000c10   _CpuTimer2Regs
00000ce0   _PieCtrlRegs
00000d00   _PieVectTable
00001000   _DmaRegs
00005000   _McbspaRegs
00005040   _McbspbRegs
00006000   _ECanaRegs
00006040   _ECanaLAMRegs
00006080   _ECanaMOTSRegs
000060c0   _ECanaMOTORegs
00006100   _ECanaMboxes
00006200   _ECanbRegs
00006240   _ECanbLAMRegs
00006280   _ECanbMOTSRegs
000062c0   _ECanbMOTORegs
00006300   _ECanbMboxes
00006800   _EPwm1Regs
00006840   _EPwm2Regs
00006880   _EPwm3Regs
000068c0   _EPwm4Regs
00006900   _EPwm5Regs
00006940   _EPwm6Regs
00006a00   _ECap1Regs
00006a20   _ECap2Regs
00006a40   _ECap3Regs
00006a60   _ECap4Regs
00006a80   _ECap5Regs
00006aa0   _ECap6Regs
00006b00   _EQep1Regs
00006b40   _EQep2Regs
00006f80   _GpioCtrlRegs
00006fc0   _GpioDataRegs
00006fe0   _GpioIntRegs
00007010   _SysCtrlRegs
00007040   _SpiaRegs
00007050   _SciaRegs
00007070   _XIntruptRegs
00007100   _AdcRegs
00007750   _ScibRegs
00007770   _ScicRegs
00007900   _I2caRegs
00008000   _InitFlash
0000801d   _DSP28x_usDelay
00008021   ___cinit__
00008021   cinit
00009000   _StartDMACH6
00009008   _StartDMACH5
00009010   _StartDMACH4
00009018   _StartDMACH3
00009020   _StartDMACH2
00009028   _StartDMACH1
00009030   _DMAInitialize
0000903a   _DMACH6WrapConfig
00009044   _DMACH6TransferConfig
0000904d   _DMACH6ModeConfig
000090b9   _DMACH6BurstConfig
000090c2   _DMACH6AddrConfig
000090cc   _DMACH5WrapConfig
000090d6   _DMACH5TransferConfig
000090df   _DMACH5ModeConfig
0000914b   _DMACH5BurstConfig
00009154   _DMACH5AddrConfig
0000915e   _DMACH4WrapConfig
00009168   _DMACH4TransferConfig
00009171   _DMACH4ModeConfig
000091dd   _DMACH4BurstConfig
000091e6   _DMACH4AddrConfig
000091f0   _DMACH3WrapConfig
000091fa   _DMACH3TransferConfig
00009203   _DMACH3ModeConfig
0000926c   _DMACH3BurstConfig
00009275   _DMACH3AddrConfig
0000927f   _DMACH2WrapConfig
00009289   _DMACH2TransferConfig
00009292   _DMACH2ModeConfig
000092fb   _DMACH2BurstConfig
00009304   _DMACH2AddrConfig
0000930e   _DMACH1WrapConfig
00009318   _DMACH1TransferConfig
00009321   _DMACH1ModeConfig
0000938a   _DMACH1BurstConfig
00009393   _DMACH1AddrConfig
00009592   _write_target_position
000095e4   _read_motor_prosition
00009601   _get_motor_pos_mode_para
0000960d   _drive_position_mode_init
0000968c   _check_drive_status
000096cb   _canopen_heart_beat_monitor_init
000096d1   _canopen_heart_beat_monitor
000096ec   _can_rw_with_response_init
000096fd   _rsvd_ISR
00009707   _XINT7_ISR
00009711   _XINT6_ISR
0000971b   _XINT5_ISR
00009725   _XINT4_ISR
0000972f   _XINT3_ISR
00009739   _XINT2_ISR
00009743   _XINT1_ISR
0000974d   _WAKEINT_ISR
00009757   _USER9_ISR
00009761   _USER8_ISR
0000976b   _USER7_ISR
00009775   _USER6_ISR
0000977f   _USER5_ISR
00009789   _USER4_ISR
00009793   _USER3_ISR
0000979d   _USER2_ISR
000097a7   _USER1_ISR
000097b1   _USER12_ISR
000097bb   _USER11_ISR
000097c5   _USER10_ISR
000097cf   _TINT0_ISR
000097d9   _SPITXINTA_ISR
000097e3   _SPIRXINTA_ISR
000097ed   _SEQ2INT_ISR
000097f7   _SEQ1INT_ISR
00009801   _SCITXINTC_ISR
0000980b   _SCITXINTB_ISR
00009815   _SCITXINTA_ISR
0000981f   _SCIRXINTC_ISR
00009829   _SCIRXINTB_ISR
00009833   _SCIRXINTA_ISR
0000983d   _RTOSINT_ISR
00009847   _PIE_RESERVED
00009851   _NMI_ISR
0000985b   _MXINTB_ISR
00009865   _MXINTA_ISR
0000986f   _MRINTB_ISR
00009879   _MRINTA_ISR
00009883   _LVF_ISR
0000988d   _LUF_ISR
00009897   _INT14_ISR
000098a1   _INT13_ISR
000098ab   _ILLEGAL_ISR
000098b5   _I2CINT2A_ISR
000098bf   _I2CINT1A_ISR
000098c9   _EQEP2_INT_ISR
000098d3   _EQEP1_INT_ISR
000098dd   _EPWM6_TZINT_ISR
000098e7   _EPWM6_INT_ISR
000098f1   _EPWM5_TZINT_ISR
000098fb   _EPWM5_INT_ISR
00009905   _EPWM4_TZINT_ISR
0000990f   _EPWM4_INT_ISR
00009919   _EPWM3_TZINT_ISR
00009923   _EPWM3_INT_ISR
0000992d   _EPWM2_TZINT_ISR
00009937   _EPWM2_INT_ISR
00009941   _EPWM1_TZINT_ISR
0000994b   _EPWM1_INT_ISR
00009955   _EMUINT_ISR
0000995f   _EMPTY_ISR
0000996c   _ECAP6_INT_ISR
00009976   _ECAP5_INT_ISR
00009980   _ECAP4_INT_ISR
0000998a   _ECAP3_INT_ISR
00009994   _ECAP2_INT_ISR
0000999e   _ECAP1_INT_ISR
000099a8   _ECAN1INTB_ISR
000099b2   _ECAN1INTA_ISR
000099bc   _ECAN0INTB_ISR
000099c6   _ECAN0INTA_ISR
000099d0   _DINTCH6_ISR
000099da   _DINTCH5_ISR
000099e4   _DINTCH4_ISR
000099ee   _DINTCH3_ISR
000099f8   _DINTCH2_ISR
00009a02   _DINTCH1_ISR
00009a0c   _DATALOG_ISR
00009a16   _ADCINT_ISR
00009a20   _scib_xmit
00009a27   _uart_fpga_tx_msg
00009a31   _scib_fifo_init
00009a39   _scib_echoback_init
00009a4b   _uart_fpga_init
00009a50   _memmove
00009a6d   _uart_fpga_frame_receive
00009ac9   _crc_check
00009ae6   _send_frame
00009b68   _get_waypoint_info
00009b6b   _get_global_flag
00009b6e   _get_flying_parameter
00009b71   _frame_parse
00009d03   _frame_check
00009d19   _InitXintf16Gpio
00009d80   _InitXintf32Gpio
00009dd0   _InitXintf
00009e3a   _memset
00009e4c   _main
00009eeb   _cpu_timer2_isr
00009eff   _cpu_timer1_isr
00009f12   _cpu_timer0_isr
00009f53   _InitCpuTimers
00009f8e   _ConfigCpuTimer
00009fb0   _c_int00
00009ff6   __register_unlock
00009ffa   __register_lock
00009ffe   __nop
0000a000   _ServiceDog
0000a00a   _DisableDog
0000a012   _InitPll
0000a05c   _InitPeripheralClocks
0000a0c2   _InitSysCtrl
0000a0cb   _CsmUnlock
0000a0f9   _InitECanbGpio
0000a113   _InitECanb
0000a170   _InitECanaGpio
0000a185   _InitECana
0000a1e2   _InitECanGpio
0000a1e7   _InitECan
0000a1ec   _InitScicGpio
0000a209   _InitScibGpio
0000a221   _InitSciaGpio
0000a23c   _InitSciGpio
0000a241   _InitSci
0000a242   _InitPieCtrl
0000a261   _EnableInterrupts
0000a26a   __args_main
0000a285   C$$EXIT
0000a285   _abort
0000a287   _exit
0000a29e   _InitAdc
0000a2b2   _InitPieVectTable
0000a2c3   _MemCopy
0000c642   _pos_mode_parameter1
0000c64e   _pos_mode_parameter2
0000c65a   _drive_status
0000c666   _CpuTimer1
0000c66e   _CpuTimer2
0000c676   _CpuTimer0
0000c680   __unlock
0000c682   __lock
0000c684   __cleanup_ptr
0000c686   __dtors_ptr
0000d000   _PieVectTableInit
0033fff8   _CsmPwl
00380080   _ADC_cal
ffffffff   .text
ffffffff   ___binit__
ffffffff   ___c_args__
ffffffff   ___etext__
ffffffff   ___pinit__
ffffffff   ___text__
ffffffff   binit
ffffffff   etext
ffffffff   pinit

[258 symbols]
